// Jest Snapshot v1, https://goo.gl/fbAQLP

exports[`Poll.vue should render 1`] = `
<div>
  <div>
    <p>
      Pour voter il suffit de classer vos préférences en les glissant-déposant
    </p>
    <div>
      <div>
        <div>
          <sortablelist-stub value="" axis="y" distance="0" pressdelay="0" pressthreshold="5" hidesortableghost="true" lockoffset="50%" transitionduration="300" appendto="body" lockaxis="y" shouldcancelstart="function _default(e) {
        // Cancel sorting if the event target is an \`input\`, \`textarea\`, \`select\` or \`option\`
        var disabledElements = ['input', 'textarea', 'select', 'option', 'button'];
        return disabledElements.indexOf(e.target.tagName.toLowerCase()) !== -1;
      }" gethelperdimensions="function _default(_ref) {
        var node = _ref.node;
        return {
          width: node.offsetWidth,
          height: node.offsetHeight
        };
      }"></sortablelist-stub>
        </div>
      </div>
    </div> <button color="info">Valider</button>
  </div>
</div>
`;
