// Jest Snapshot v1, https://goo.gl/fbAQLP

exports[`App.vue should render 1`] = `
<div class="bg-gray-100 text-gray-800 min-h-screen lg:pb-4 overflow-scroll">
  <navbar-stub></navbar-stub>
  <div class="container mx-auto px-4 h-content overflow-scroll sm:pb-0 lg:pt-24">
    <notifications-stub notifications=""></notifications-stub>
    <transition-stub name="fade" mode="out-in">
      <router-view-stub></router-view-stub>
    </transition-stub>
  </div>
</div>
`;
