// Jest Snapshot v1, https://goo.gl/fbAQLP

exports[`App.vue should render 1`] = `
<div>
  <navbar-stub></navbar-stub>
  <div class="container mx-auto">
    <notifications-stub notifications=""></notifications-stub>
    <router-view-stub name="fade" mode="out-in"></router-view-stub>
  </div>
</div>
`;
