// Jest Snapshot v1, https://goo.gl/fbAQLP

exports[`Loader.vue should render when there is no notifications 1`] = `
<div class="h-content">
  <div class="flex justify-center items-center h-content">
    <pulseloader-stub loading="true" color="#5dc596" size="15px" margin="2px" radius="100%"></pulseloader-stub>
  </div>
</div>
`;
